../Core/Src/main.c:147:6:request_value	0	static
../Core/Src/main.c:152:6:increase_ptr	0	static
../Core/Src/main.c:161:6:Clean	8	static
../Core/Src/main.c:167:6:Clean1	8	static
../Core/Src/main.c:173:6:EnQ	0	static
../Core/Src/main.c:179:6:EnQ_1	0	static
../Core/Src/main.c:185:9:DeQ	8	static
../Core/Src/main.c:194:9:DeQ_1	8	static
../Core/Src/main.c:201:5:_write	0	static
../Core/Src/main.c:207:6:HAL_UART_RxCpltCallback	16	static
../Core/Src/main.c:226:9:compare	48	static
../Core/Src/main.c:252:9:compare_OK	56	static
../Core/Src/main.c:284:9:parsing	24	static
../Core/Src/main.c:339:6:HAL_TIM_PeriodElapsedCallback	16	static
../Core/Src/main.c:594:6:SystemClock_Config	72	static,ignoring_inline_asm
../Core/Src/main.c:372:5:main	88	static,ignoring_inline_asm
../Core/Src/main.c:835:6:Error_Handler	0	static,ignoring_inline_asm
