../Core/Src/main.c:806:13:MX_GPIO_Init	48	static
../Core/Src/main.c:147:6:request_value	0	static
../Core/Src/main.c:152:6:increase_ptr	0	static
../Core/Src/main.c:161:6:Clean	0	static
../Core/Src/main.c:167:6:Clean1	0	static
../Core/Src/main.c:173:6:EnQ	8	static
../Core/Src/main.c:179:6:EnQ_1	8	static
../Core/Src/main.c:185:9:DeQ	8	static
../Core/Src/main.c:194:9:DeQ_1	8	static
../Core/Src/main.c:201:5:_write	0	static
../Core/Src/main.c:207:6:HAL_UART_RxCpltCallback	16	static
../Core/Src/main.c:226:9:compare	40	static
../Core/Src/main.c:252:9:compare_OK	48	static
../Core/Src/main.c:284:9:parsing	16	static
../Core/Src/main.c:339:6:HAL_TIM_PeriodElapsedCallback	8	static
../Core/Src/main.c:835:6:Error_Handler	0	static,ignoring_inline_asm
../Core/Src/main.c:662:13:MX_TIM2_Init	32	static
../Core/Src/main.c:773:13:MX_USART3_UART_Init	8	static
../Core/Src/main.c:707:13:MX_USART1_UART_Init	8	static
../Core/Src/main.c:740:13:MX_USART2_UART_Init	8	static
../Core/Src/main.c:634:13:MX_IWDG_Init	8	static
../Core/Src/main.c:594:6:SystemClock_Config	72	static
../Core/Src/main.c:372:5:main	64	static
